// Jest Snapshot v1, https://goo.gl/fbAQLP

exports[`User should display user 1`] = `
<div
  className="user"
>
  <img
    alt="User Avatar"
    className="user__avatar"
    src="http://example.com"
  />
  <div
    className="user__info"
  >
    <span
      className="user__name"
    >
      Bob
    </span>
    <span
      className="user__location"
    >
      Kyiv
    </span>
  </div>
</div>
`;

exports[`User should display user 2`] = `
<div
  className="user"
>
  <img
    alt="User Avatar"
    className="user__avatar"
    src="http://example.com"
  />
  <div
    className="user__info"
  >
    <span
      className="user__name"
    >
      Bob
    </span>
    <span
      className="user__location"
    >
      Kyiv
    </span>
  </div>
</div>
`;
